
> vite_react_shadcn_ts@0.0.0 build
> vite build

[36mvite v5.4.10 [32mbuilding for production...[36m[39m
transforming...
[32mΓ£ô[39m 2885 modules transformed.
rendering chunks...
computing gzip size...
[2mdist/[22m[32mindex.html                      [39m[1m[2m    4.41 kB[22m[1m[22m[2m Γöé gzip:   1.49 kB[22m
[2mdist/[22m[32massets/vecxa-logo-DDdxyEI2.png  [39m[1m[2m1,379.90 kB[22m[1m[22m
[2mdist/[22m[35massets/index-9D3vt3YD.css       [39m[1m[2m   85.40 kB[22m[1m[22m[2m Γöé gzip:  14.20 kB[22m
[2mdist/[22m[36massets/index-U-AtH0sZ.js        [39m[1m[33m1,081.17 kB[39m[22m[2m Γöé gzip: 314.71 kB[22m
[32mΓ£ô built in 11.23s[39m
